// Jest Snapshot v1, https://goo.gl/fbAQLP

exports[`renders learn react link 1`] = `
.c0 {
  background: cyan;
}

<div
  class="c0"
>
  <h2>
    Oi
  </h2>
</div>
`;
